2216 drugs × 9 proteins = 19944 pairs
[skip] CNN_CNN_BindingDB_IC50
[skip] MPNN_CNN_DAVIS
[skip] Morgan_CNN_BindingDB_IC50
[skip] Morgan_AAC_BindingDB_IC50
[skip] Daylight_AAC_BindingDB_IC50
[skip] CNN_CNN_DAVIS
[skip] CNN_CNN_BindingDB
[skip] Morgan_CNN_BindingDB
[skip] Morgan_CNN_DAVIS
[skip] MPNN_CNN_BindingDB
[skip] MPNN_CNN_KIBA
[skip] Transformer_CNN_BindingDB
[skip] Daylight_AAC_DAVIS
[skip] Daylight_AAC_KIBA
[skip] Daylight_AAC_BindingDB
[skip] Morgan_AAC_BindingDB
[skip] Morgan_AAC_KIBA
[skip] Morgan_AAC_DAVIS
loaded CNN_CNN_BindingDB_IC50: (9, 2216)
loaded MPNN_CNN_DAVIS: (9, 2216)
loaded Morgan_CNN_BindingDB_IC50: (9, 2216)
loaded Morgan_AAC_BindingDB_IC50: (9, 2216)
loaded Daylight_AAC_BindingDB_IC50: (9, 2216)
loaded CNN_CNN_DAVIS: (9, 2216)
loaded CNN_CNN_BindingDB: (9, 2216)
loaded Morgan_CNN_BindingDB: (9, 2216)
loaded Morgan_CNN_DAVIS: (9, 2216)
loaded MPNN_CNN_BindingDB: (9, 2216)
loaded MPNN_CNN_KIBA: (9, 2216)
loaded Transformer_CNN_BindingDB: (9, 2216)
loaded Daylight_AAC_DAVIS: (9, 2216)
loaded Daylight_AAC_KIBA: (9, 2216)
loaded Daylight_AAC_BindingDB: (9, 2216)
loaded Morgan_AAC_BindingDB: (9, 2216)
loaded Morgan_AAC_KIBA: (9, 2216)
loaded Morgan_AAC_DAVIS: (9, 2216)
  aggregated 500/2216 drugs
  aggregated 1000/2216 drugs
  aggregated 1500/2216 drugs
  aggregated 2000/2216 drugs

Saved (2216, 11) matrix → /export/qcai-omics/Raghvendra/Druggability/Results/Chirag_Analysis/PanViral_drug_protein_ranks.csv
UniProtId                    Aggregate_Rank  Mean_Rank  P03254  P03322  P08668  P0DTC2  Q6WB98  Q6YMS1  Q710U6  Q86825  Q9IH62
Drug_InchiKey                                                                                                                 
PBCZSGKMGDDXIJ-HQCWYSJUSA-N               1   2.111111       2       1       3       1       5       1       4       1       1
KSOVGRCOLZZTPF-QMKUDKLTSA-N               2   3.444444       1       4       3       3       3       3       9       3       2
VKHAHZOOUSRJNA-GCNJZUOMSA-N               3   5.555556      10       2       1       7       4       2      10       7       7
OVDSPTSBIQCAIN-UHFFFAOYSA-N               4   6.555556       3       9       2      12       2       7      13       5       6
UIARLYUEJFELEN-LROUJFHJSA-N               5   7.444444      13       6       8       6      12       5       8       4       5
VERWOWGGCGHDQE-UHFFFAOYSA-N               6   8.000000       6      14      12       2       9       4      12       9       4
AILRADAXUVEEIR-UHFFFAOYSA-N               7   8.888889       4       8       9      10      15      11       2       6      15
LWQQLNNNIPYSNX-UROSTWAQSA-N               8  10.111111      17       7       5      15       1       8       7      20      11
VVWSSVXERSACCP-ZUXWQOPOSA-N               9  13.111111      25       5      34       4      10       6       5       2      27
OLCWFLWEHWLBTO-HSZRJFAPSA-N              10  15.444444      46      15       7       9      28      12      11       8       3
